// Jest Snapshot v1, https://goo.gl/fbAQLP

exports[`App renders the loading screen 1`] = `
<AppLoading
  onError={[Function]}
  onFinish={[Function]}
  startAsync={[Function]}
/>
`;

exports[`App renders the root without loading screen 1`] = `
<RNCAppearanceProvider
  style={
    Object {
      "flex": 1,
    }
  }
>
  <View
    style={
      Object {
        "backgroundColor": "#fff",
        "flex": 1,
      }
    }
  >
    <View
      style={
        Object {
          "alignItems": "center",
          "backgroundColor": "#fff",
          "flex": 1,
          "flexDirection": "row",
          "justifyContent": "center",
          "paddingTop": 15,
        }
      }
    >
      <Text>
         Auth Loading 
      </Text>
    </View>
  </View>
</RNCAppearanceProvider>
`;
